[
  {
    "id": "page-has-heading-one",
    "impact": "moderate",
    "description": "Ensure that the page, or at least one of its frames contains a level-one heading",
    "help": "Page should contain a level-one heading",
    "helpUrl": "https://dequeuniversity.com/rules/axe/4.10/page-has-heading-one?application=playwright",
    "nodes": [
      {
        "html": "<html lang=\"en-US\" class=\"...\"   >",
        "failureSummary": "Fix all of the following:\n  Page must have a level-one heading",
        "target": [
          "html"
        ]
      }
    ]
  },
  {
    "id": "region",
    "impact": "moderate",
    "description": "Ensure all page content is contained by landmarks",
    "help": "All page content should be contained by landmarks",
    "helpUrl": "https://dequeuniversity.com/rules/axe/4.10/region?application=playwright",
    "nodes": [
      {
        "html": "<a class=\"...\" aria-label=\"Back to cart, number of items: 2\" href=\"/cart\">",
        "failureSummary": "Fix any of the following:\n  Some page content is not contained by landmarks",
        "target": [
          ".css-1k2aozt"
        ]
      }
    ]
  }
]